C:\Users\xlouzal00\Documents\MCUXpressoIDE_24.12.148\workspace\IMRXT1050_Ecompass\drivers/fsl_common_arm.h:232:20:_SDK_AtomicLocalClearAndSet4Byte	48	static
C:\Users\xlouzal00\Documents\MCUXpressoIDE_24.12.148\workspace\IMRXT1050_Ecompass\drivers/fsl_clock.h:1465:20:CLOCK_ControlGate	32	static
C:\Users\xlouzal00\Documents\MCUXpressoIDE_24.12.148\workspace\IMRXT1050_Ecompass\drivers/fsl_clock.h:1482:20:CLOCK_EnableClock	16	static
C:\Users\xlouzal00\Documents\MCUXpressoIDE_24.12.148\workspace\IMRXT1050_Ecompass\drivers/fsl_iomuxc.h:1092:20:IOMUXC_SetPinMux	24	static
C:\Users\xlouzal00\Documents\MCUXpressoIDE_24.12.148\workspace\IMRXT1050_Ecompass\drivers/fsl_iomuxc.h:1124:20:IOMUXC_SetPinConfig	24	static
C:\Users\xlouzal00\Documents\MCUXpressoIDE_24.12.148\workspace\IMRXT1050_Ecompass\drivers/fsl_gpio.h:253:20:GPIO_PortEnableInterrupts	16	static
../board/pin_mux.c:32:6:BOARD_InitBootPins	8	static
../board/pin_mux.c:81:6:BOARD_InitPins	24	static
