../mbedtls/port/ksdk/ksdk_mbedtls.c:95:13:IS_IN_NONCACHED	24	static
../mbedtls/port/ksdk/ksdk_mbedtls.c:276:13:crypto_attach_ctx_to_key_slot	16	static
../mbedtls/port/ksdk/ksdk_mbedtls.c:281:13:crypto_detach_ctx_from_key_slot	24	static
../mbedtls/port/ksdk/ksdk_mbedtls.c:291:13:crypto_key_is_loaded	24	static
../mbedtls/port/ksdk/ksdk_mbedtls.c:313:10:CRYPTO_InitHardware	104	static
../mbedtls/port/ksdk/ksdk_mbedtls.c:1026:5:mbedtls_aes_setkey_enc	32	static
../mbedtls/port/ksdk/ksdk_mbedtls.c:1115:5:mbedtls_aes_setkey_dec	32	static
../mbedtls/port/ksdk/ksdk_mbedtls.c:1204:5:mbedtls_internal_aes_encrypt	48	static
../mbedtls/port/ksdk/ksdk_mbedtls.c:1375:5:mbedtls_internal_aes_decrypt	48	static
../mbedtls/port/ksdk/ksdk_mbedtls.c:1710:5:mbedtls_aes_crypt_cbc	56	static
../mbedtls/port/ksdk/ksdk_mbedtls.c:5505:6:mbedtls_sha1_init	16	static
../mbedtls/port/ksdk/ksdk_mbedtls.c:5512:6:mbedtls_sha1_free	16	static
../mbedtls/port/ksdk/ksdk_mbedtls.c:5521:6:mbedtls_sha1_clone	16	static
../mbedtls/port/ksdk/ksdk_mbedtls.c:5529:5:mbedtls_sha1_starts_ret	24	static
../mbedtls/port/ksdk/ksdk_mbedtls.c:5552:5:mbedtls_internal_sha1_process	24	static
../mbedtls/port/ksdk/ksdk_mbedtls.c:5581:5:mbedtls_sha1_update_ret	32	static
../mbedtls/port/ksdk/ksdk_mbedtls.c:5609:5:mbedtls_sha1_finish_ret	24	static
../mbedtls/port/ksdk/ksdk_mbedtls.c:5742:6:mbedtls_sha1_starts	16	static
../mbedtls/port/ksdk/ksdk_mbedtls.c:5747:6:mbedtls_sha1_update	24	static
../mbedtls/port/ksdk/ksdk_mbedtls.c:5752:6:mbedtls_sha1_finish	16	static
../mbedtls/port/ksdk/ksdk_mbedtls.c:5757:6:mbedtls_sha1_process	16	static
../mbedtls/port/ksdk/ksdk_mbedtls.c:6312:6:mbedtls_sha256_init	16	static
../mbedtls/port/ksdk/ksdk_mbedtls.c:6319:6:mbedtls_sha256_free	16	static
../mbedtls/port/ksdk/ksdk_mbedtls.c:6328:6:mbedtls_sha256_clone	16	static
../mbedtls/port/ksdk/ksdk_mbedtls.c:6336:5:mbedtls_sha256_starts_ret	24	static
../mbedtls/port/ksdk/ksdk_mbedtls.c:6359:5:mbedtls_internal_sha256_process	24	static
../mbedtls/port/ksdk/ksdk_mbedtls.c:6386:5:mbedtls_sha256_update_ret	32	static
../mbedtls/port/ksdk/ksdk_mbedtls.c:6413:5:mbedtls_sha256_finish_ret	24	static
../mbedtls/port/ksdk/ksdk_mbedtls.c:6548:6:mbedtls_sha256_starts	16	static
../mbedtls/port/ksdk/ksdk_mbedtls.c:6553:6:mbedtls_sha256_update	24	static
../mbedtls/port/ksdk/ksdk_mbedtls.c:6558:6:mbedtls_sha256_finish	16	static
../mbedtls/port/ksdk/ksdk_mbedtls.c:6563:6:mbedtls_sha256_process	16	static
../mbedtls/port/ksdk/ksdk_mbedtls.c:6583:5:mbedtls_hardware_poll	32	static
../mbedtls/port/ksdk/ksdk_mbedtls.c:6735:6:mcux_mbedtls_mutex_init	16	static
../mbedtls/port/ksdk/ksdk_mbedtls.c:6750:6:mcux_mbedtls_mutex_free	16	static
../mbedtls/port/ksdk/ksdk_mbedtls.c:6764:5:mcux_mbedtls_mutex_lock	24	static
../mbedtls/port/ksdk/ksdk_mbedtls.c:6785:5:mcux_mbedtls_mutex_unlock	24	static
../mbedtls/port/ksdk/ksdk_mbedtls.c:6800:13:CRYPTO_ConfigureThreadingMcux	8	static
