C:\Users\xlouzal00\Documents\MCUXpressoIDE_24.12.148\workspace\IMRXT1050_Ecompass\CMSIS/core_cm7.h:2013:22:__NVIC_EnableIRQ	16	static
C:\Users\xlouzal00\Documents\MCUXpressoIDE_24.12.148\workspace\IMRXT1050_Ecompass\CMSIS/core_cm7.h:2143:22:__NVIC_SetPriority	16	static
C:\Users\xlouzal00\Documents\MCUXpressoIDE_24.12.148\workspace\IMRXT1050_Ecompass\drivers/fsl_common_arm.h:667:24:EnableIRQ	24	static
C:\Users\xlouzal00\Documents\MCUXpressoIDE_24.12.148\workspace\IMRXT1050_Ecompass\drivers/fsl_common_arm.h:897:24:DisableGlobalIRQ	16	static
C:\Users\xlouzal00\Documents\MCUXpressoIDE_24.12.148\workspace\IMRXT1050_Ecompass\drivers/fsl_common_arm.h:923:20:EnableGlobalIRQ	24	static
C:\Users\xlouzal00\Documents\MCUXpressoIDE_24.12.148\workspace\IMRXT1050_Ecompass\drivers/fsl_gpio.h:176:24:GPIO_PinRead	16	static
C:\Users\xlouzal00\Documents\MCUXpressoIDE_24.12.148\workspace\IMRXT1050_Ecompass\drivers/fsl_gpio.h:253:20:GPIO_PortEnableInterrupts	16	static
C:\Users\xlouzal00\Documents\MCUXpressoIDE_24.12.148\workspace\IMRXT1050_Ecompass\drivers/fsl_gpio.h:275:20:GPIO_PortDisableInterrupts	16	static
C:\Users\xlouzal00\Documents\MCUXpressoIDE_24.12.148\workspace\IMRXT1050_Ecompass\drivers/fsl_gpio.h:295:24:GPIO_PortGetInterruptFlags	16	static
C:\Users\xlouzal00\Documents\MCUXpressoIDE_24.12.148\workspace\IMRXT1050_Ecompass\drivers/fsl_gpio.h:318:20:GPIO_PortClearInterruptFlags	16	static
../component/gpio/fsl_adapter_igpio.c:55:13:HAL_GpioInterruptHandle	56	static
../component/gpio/fsl_adapter_igpio.c:85:6:GPIO1_Combined_0_15_IRQHandler	8	static
../component/gpio/fsl_adapter_igpio.c:92:6:GPIO1_Combined_16_31_IRQHandler	8	static
../component/gpio/fsl_adapter_igpio.c:102:6:GPIO2_Combined_0_15_IRQHandler	8	static
../component/gpio/fsl_adapter_igpio.c:109:6:GPIO2_Combined_16_31_IRQHandler	8	static
../component/gpio/fsl_adapter_igpio.c:119:6:GPIO3_Combined_0_15_IRQHandler	8	static
../component/gpio/fsl_adapter_igpio.c:126:6:GPIO3_Combined_16_31_IRQHandler	8	static
../component/gpio/fsl_adapter_igpio.c:136:6:GPIO4_Combined_0_15_IRQHandler	8	static
../component/gpio/fsl_adapter_igpio.c:143:6:GPIO4_Combined_16_31_IRQHandler	8	static
../component/gpio/fsl_adapter_igpio.c:153:6:GPIO5_Combined_16_31_IRQHandler	8	static
../component/gpio/fsl_adapter_igpio.c:182:26:HAL_GpioConflictSearch	16	static
../component/gpio/fsl_adapter_igpio.c:195:26:HAL_GpioAddItem	24	static
../component/gpio/fsl_adapter_igpio.c:225:26:HAL_GpioRemoveItem	32	static
../component/gpio/fsl_adapter_igpio.c:256:6:HAL_GpioPreInit	4	static
../component/gpio/fsl_adapter_igpio.c:261:19:HAL_GpioInit	64	static
../component/gpio/fsl_adapter_igpio.c:315:19:HAL_GpioDeinit	56	static
../component/gpio/fsl_adapter_igpio.c:333:19:HAL_GpioGetInput	56	static
../component/gpio/fsl_adapter_igpio.c:346:19:HAL_GpioSetOutput	56	static
../component/gpio/fsl_adapter_igpio.c:359:19:HAL_GpioInstallCallback	32	static
../component/gpio/fsl_adapter_igpio.c:375:19:HAL_GpioGetTriggerMode	24	static
../component/gpio/fsl_adapter_igpio.c:392:19:HAL_GpioSetTriggerMode	88	static
../component/gpio/fsl_adapter_igpio.c:466:19:HAL_GpioWakeUpSetting	24	static
../component/gpio/fsl_adapter_igpio.c:481:19:HAL_GpioEnterLowpower	16	static
../component/gpio/fsl_adapter_igpio.c:488:19:HAL_GpioExitLowpower	16	static
