C:\Users\xlouzal00\Documents\MCUXpressoIDE_24.12.148\workspace\IMRXT1050_Ecompass\drivers/fsl_enet.h:1256:20:ENET_ActiveRead	16	static
../lwip/port/enet_ethernetif_kinetis.c:341:14:ethernetif_rx_alloc	48	static
../lwip/port/enet_ethernetif_kinetis.c:379:13:ethernetif_rx_free	40	static
../lwip/port/enet_ethernetif_kinetis.c:405:6:ethernetif_plat_init	128	static
../lwip/port/enet_ethernetif_kinetis.c:523:8:ethernetif_base_ptr	16	static
../lwip/port/enet_ethernetif_kinetis.c:528:15:ethernetif_get_phy	24	static
../lwip/port/enet_ethernetif_kinetis.c:534:19:ethernetif_get_int_gpio_hdl	24	static
../lwip/port/enet_ethernetif_kinetis.c:540:13:ethernetif_get_link_speed	24	static
../lwip/port/enet_ethernetif_kinetis.c:546:14:ethernetif_get_link_duplex	24	static
../lwip/port/enet_ethernetif_kinetis.c:552:6:ethernetif_on_link_up	24	static
../lwip/port/enet_ethernetif_kinetis.c:565:6:ethernetif_on_link_down	24	static
../lwip/port/enet_ethernetif_kinetis.c:575:23:enet_get_tx_buffer	16	static
../lwip/port/enet_ethernetif_kinetis.c:584:14:enet_send_frame	48	static
../lwip/port/enet_ethernetif_kinetis.c:625:13:ethernetif_rx_release	32	static
../lwip/port/enet_ethernetif_kinetis.c:635:21:ethernetif_rx_frame_to_pbufs	56	static
../lwip/port/enet_ethernetif_kinetis.c:693:14:ethernetif_linkinput	48	static
../lwip/port/enet_ethernetif_kinetis.c:737:7:ethernetif_linkoutput	32	static
../lwip/port/enet_ethernetif_kinetis.c:822:7:ethernetif0_init	24	static
