../lwip/src/apps/http/httpd.c:450:2:http_state_init	16	static
../lwip/src/apps/http/httpd.c:462:2:http_state_alloc	16	static
../lwip/src/apps/http/httpd.c:480:2:http_state_close_post	16	static
../lwip/src/apps/http/httpd.c:508:2:http_state_eof	16	static
../lwip/src/apps/http/httpd.c:545:2:http_state_free	16	static
../lwip/src/apps/http/httpd.c:569:2:http_write	32	static
../lwip/src/apps/http/httpd.c:632:2:http_close_or_abort_conn	32	static
../lwip/src/apps/http/httpd.c:669:2:http_close_conn	16	static
../lwip/src/apps/http/httpd.c:678:2:http_eof	16	static
../lwip/src/apps/http/httpd.c:1116:2:http_check_eof	24	static
../lwip/src/apps/http/httpd.c:1215:2:http_send_data_nonssi	24	static
../lwip/src/apps/http/httpd.c:1598:2:http_send	24	static
../lwip/src/apps/http/httpd.c:1720:2:http_get_404_file	24	static
../lwip/src/apps/http/httpd.c:1999:2:http_parse_request	64	static
../lwip/src/apps/http/httpd.c:2223:2:http_find_file	80	static
../lwip/src/apps/http/httpd.c:2384:2:http_handle_api_call	40	static
../lwip/src/apps/http/httpd.c:2425:2:http_init_file	24	static
../lwip/src/apps/http/httpd.c:2544:2:http_err	24	static
../lwip/src/apps/http/httpd.c:2561:2:http_sent	32	static
../lwip/src/apps/http/httpd.c:2588:2:http_poll	24	static
../lwip/src/apps/http/httpd.c:2636:2:http_recv	32	static
../lwip/src/apps/http/httpd.c:2721:2:http_accept	32	static
../lwip/src/apps/http/httpd.c:2758:2:httpd_init_pcb	24	static
../lwip/src/apps/http/httpd.c:2779:2:httpd_init	16	static
