C:\Users\xlouzal00\Documents\MCUXpressoIDE_24.12.148\workspace\evkbimxrt1050_tst_lwip_dhcp_bm\CMSIS/core_cm7.h:2013:22:__NVIC_EnableIRQ	16	static
../drivers/fsl_common_arm.h:232:20:_SDK_AtomicLocalClearAndSet4Byte	48	static
../drivers/fsl_clock.h:1465:20:CLOCK_ControlGate	32	static
../drivers/fsl_clock.h:1482:20:CLOCK_EnableClock	16	static
../drivers/fsl_clock.h:1492:20:CLOCK_DisableClock	16	static
../drivers/fsl_common_arm.h:667:24:EnableIRQ	24	static
../drivers/fsl_common_arm.h:897:24:DisableGlobalIRQ	16	static
../drivers/fsl_common_arm.h:923:20:EnableGlobalIRQ	24	static
../drivers/fsl_lpuart.h:373:20:LPUART_SoftwareReset	16	static
../drivers/fsl_lpuart.c:195:10:LPUART_GetInstance	24	static
../drivers/fsl_lpuart.c:219:8:LPUART_TransferGetRxRingBufferLength	32	static
../drivers/fsl_lpuart.c:240:13:LPUART_TransferIsRxRingBufferFull	24	static
../drivers/fsl_lpuart.c:257:13:LPUART_WriteNonBlocking	32	static
../drivers/fsl_lpuart.c:270:13:LPUART_WriteNonBlocking16bit	32	static
../drivers/fsl_lpuart.c:284:13:LPUART_ReadNonBlocking	40	static
../drivers/fsl_lpuart.c:314:13:LPUART_ReadNonBlocking16bit	32	static
../drivers/fsl_lpuart.c:351:10:LPUART_Init	56	static
../drivers/fsl_lpuart.c:590:6:LPUART_Deinit	24	static
../drivers/fsl_lpuart.c:654:6:LPUART_GetDefaultConfig	16	static
../drivers/fsl_lpuart.c:702:10:LPUART_SetBaudRate	56	static
../drivers/fsl_lpuart.c:802:6:LPUART_Enable9bitMode	24	static
../drivers/fsl_lpuart.c:836:6:LPUART_SendAddress	24	static
../drivers/fsl_lpuart.c:858:6:LPUART_EnableInterrupts	24	static
../drivers/fsl_lpuart.c:910:6:LPUART_DisableInterrupts	24	static
../drivers/fsl_lpuart.c:968:10:LPUART_GetEnabledInterrupts	24	static
../drivers/fsl_lpuart.c:1006:10:LPUART_GetStatusFlags	24	static
../drivers/fsl_lpuart.c:1039:10:LPUART_ClearStatusFlags	24	static
../drivers/fsl_lpuart.c:1089:10:LPUART_WriteBlocking	32	static
../drivers/fsl_lpuart.c:1149:10:LPUART_WriteBlocking16bit	32	static
../drivers/fsl_lpuart.c:1214:10:LPUART_ReadBlocking	48	static
../drivers/fsl_lpuart.c:1345:10:LPUART_ReadBlocking16bit	40	static
../drivers/fsl_lpuart.c:1460:6:LPUART_TransferCreateHandle	40	static
../drivers/fsl_lpuart.c:1532:6:LPUART_TransferStartRingBuffer	32	static
../drivers/fsl_lpuart.c:1568:6:LPUART_TransferStopRingBuffer	24	static
../drivers/fsl_lpuart.c:1606:10:LPUART_TransferSendNonBlocking	32	static
../drivers/fsl_lpuart.c:1656:6:LPUART_TransferAbortSend	24	static
../drivers/fsl_lpuart.c:1681:10:LPUART_TransferGetSendCount	32	static
../drivers/fsl_lpuart.c:1739:10:LPUART_TransferReceiveNonBlocking	56	static
../drivers/fsl_lpuart.c:1900:6:LPUART_TransferAbortReceive	24	static
../drivers/fsl_lpuart.c:1931:10:LPUART_TransferGetReceiveCount	32	static
../drivers/fsl_lpuart.c:1951:13:LPUART_TransferHandleIDLEReady	32	static
../drivers/fsl_lpuart.c:2011:13:LPUART_TransferHandleReceiveDataFull	40	static
../drivers/fsl_lpuart.c:2146:13:LPUART_TransferHandleSendDataEmpty	24	static
../drivers/fsl_lpuart.c:2194:13:LPUART_TransferHandleTransmissionComplete	32	static
../drivers/fsl_lpuart.c:2222:6:LPUART_TransferHandleIRQ	40	static
../drivers/fsl_lpuart.c:2280:6:LPUART_TransferHandleErrorIRQ	16	static
../drivers/fsl_lpuart.c:2375:6:LPUART1_DriverIRQHandler	8	static
../drivers/fsl_lpuart.c:2400:6:LPUART2_DriverIRQHandler	8	static
../drivers/fsl_lpuart.c:2424:6:LPUART3_DriverIRQHandler	8	static
../drivers/fsl_lpuart.c:2448:6:LPUART4_DriverIRQHandler	8	static
../drivers/fsl_lpuart.c:2472:6:LPUART5_DriverIRQHandler	8	static
../drivers/fsl_lpuart.c:2496:6:LPUART6_DriverIRQHandler	8	static
../drivers/fsl_lpuart.c:2520:6:LPUART7_DriverIRQHandler	8	static
../drivers/fsl_lpuart.c:2544:6:LPUART8_DriverIRQHandler	8	static
