../drivers/fsl_common_arm.h:232:20:_SDK_AtomicLocalClearAndSet4Byte	48	static
../drivers/fsl_clock.h:1465:20:CLOCK_ControlGate	32	static
../drivers/fsl_clock.h:1482:20:CLOCK_EnableClock	16	static
../drivers/fsl_clock.h:1492:20:CLOCK_DisableClock	16	static
../drivers/fsl_common_arm.h:897:24:DisableGlobalIRQ	16	static
../drivers/fsl_common_arm.h:923:20:EnableGlobalIRQ	24	static
../drivers/fsl_dcp.c:105:13:dcp_reverse_and_copy	32	static
../drivers/fsl_dcp.c:114:25:DCP_FindCacheLine	16	static
../drivers/fsl_dcp.c:124:17:dcp_get_channel_status	32	static
../drivers/fsl_dcp.c:165:13:dcp_clear_status	24	static
../drivers/fsl_dcp.c:175:13:dcp_clear_channel_status	24	static
../drivers/fsl_dcp.c:201:17:dcp_aes_set_sram_based_key	32	static
../drivers/fsl_dcp.c:216:17:dcp_schedule_work	40	static
../drivers/fsl_dcp.c:316:10:DCP_AES_SetKey	32	static
../drivers/fsl_dcp.c:379:10:DCP_AES_EncryptEcb	104	static
../drivers/fsl_dcp.c:421:10:DCP_AES_EncryptEcbNonBlocking	24	static
../drivers/fsl_dcp.c:476:10:DCP_AES_DecryptEcb	104	static
../drivers/fsl_dcp.c:518:10:DCP_AES_DecryptEcbNonBlocking	24	static
../drivers/fsl_dcp.c:573:10:DCP_AES_EncryptCbc	112	static
../drivers/fsl_dcp.c:620:10:DCP_AES_EncryptCbcNonBlocking	24	static
../drivers/fsl_dcp.c:683:10:DCP_AES_DecryptCbc	112	static
../drivers/fsl_dcp.c:730:10:DCP_AES_DecryptCbcNonBlocking	24	static
../drivers/fsl_dcp.c:791:6:DCP_GetDefaultConfig	24	static
../drivers/fsl_dcp.c:816:6:DCP_Init	16	static
../drivers/fsl_dcp.c:848:6:DCP_Deinit	16	static
../drivers/fsl_dcp.c:868:10:DCP_WaitForChannelComplete	16	static
../drivers/fsl_dcp.c:894:17:dcp_hash_check_input_alg	16	static
../drivers/fsl_dcp.c:914:17:dcp_hash_check_input_args	24	static
../drivers/fsl_dcp.c:939:17:dcp_hash_check_context	16	static
../drivers/fsl_dcp.c:957:17:dcp_hash_engine_init	24	static
../drivers/fsl_dcp.c:972:17:dcp_hash_update_non_blocking	24	static
../drivers/fsl_dcp.c:1021:17:dcp_hash_update	104	static
../drivers/fsl_dcp.c:1059:17:dcp_hash_process_message_data	40	static
../drivers/fsl_dcp.c:1111:17:dcp_hash_finalize	24	static
../drivers/fsl_dcp.c:1121:13:dcp_hash_save_running_hash	24	static
../drivers/fsl_dcp.c:1154:13:dcp_hash_restore_running_hash	24	static
../drivers/fsl_dcp.c:1197:10:DCP_HASH_Init	40	static
../drivers/fsl_dcp.c:1249:10:DCP_HASH_Update	40	static
../drivers/fsl_dcp.c:1319:10:DCP_HASH_Finish	40	static
../drivers/fsl_dcp.c:1431:10:DCP_HASH	296	static
