C:\Users\xlouzal00\Documents\MCUXpressoIDE_24.12.148\workspace\IMRXT1050_Ecompass\CMSIS/core_cm7.h:2013:22:__NVIC_EnableIRQ	16	static
../drivers/fsl_common_arm.h:232:20:_SDK_AtomicLocalClearAndSet4Byte	48	static
../drivers/fsl_clock.h:1465:20:CLOCK_ControlGate	32	static
../drivers/fsl_clock.h:1482:20:CLOCK_EnableClock	16	static
../drivers/fsl_clock.h:1492:20:CLOCK_DisableClock	16	static
../drivers/fsl_common_arm.h:667:24:EnableIRQ	24	static
../drivers/fsl_lpi2c.h:575:20:LPI2C_MasterReset	16	static
../drivers/fsl_lpi2c.h:587:20:LPI2C_MasterEnable	16	static
../drivers/fsl_lpi2c.h:611:24:LPI2C_MasterGetStatusFlags	16	static
../drivers/fsl_lpi2c.h:636:20:LPI2C_MasterClearStatusFlags	16	static
../drivers/fsl_lpi2c.h:658:20:LPI2C_MasterEnableInterrupts	16	static
../drivers/fsl_lpi2c.h:673:20:LPI2C_MasterDisableInterrupts	16	static
../drivers/fsl_lpi2c.h:685:24:LPI2C_MasterGetEnabledInterrupts	16	static
../drivers/fsl_lpi2c.h:749:20:LPI2C_MasterSetWatermarks	24	static
../drivers/fsl_lpi2c.h:763:20:LPI2C_MasterGetFifoCounts	24	static
../drivers/fsl_lpi2c.h:1072:20:LPI2C_SlaveReset	16	static
../drivers/fsl_lpi2c.h:1084:20:LPI2C_SlaveEnable	16	static
../drivers/fsl_lpi2c.h:1108:24:LPI2C_SlaveGetStatusFlags	16	static
../drivers/fsl_lpi2c.h:1130:20:LPI2C_SlaveClearStatusFlags	16	static
../drivers/fsl_lpi2c.h:1151:20:LPI2C_SlaveEnableInterrupts	16	static
../drivers/fsl_lpi2c.h:1166:20:LPI2C_SlaveDisableInterrupts	16	static
../drivers/fsl_lpi2c.c:240:10:LPI2C_GetInstance	24	static
../drivers/fsl_lpi2c.c:263:17:LPI2C_GetCyclesForWidth	40	static
../drivers/fsl_lpi2c.c:304:10:LPI2C_MasterCheckAndClearError	24	static
../drivers/fsl_lpi2c.c:371:17:LPI2C_MasterWaitForTxReady	32	static
../drivers/fsl_lpi2c.c:419:10:LPI2C_CheckForBusyBus	24	static
../drivers/fsl_lpi2c.c:460:6:LPI2C_MasterGetDefaultConfig	16	static
../drivers/fsl_lpi2c.c:493:6:LPI2C_MasterInit	56	static
../drivers/fsl_lpi2c.c:598:6:LPI2C_MasterDeinit	24	static
../drivers/fsl_lpi2c.c:623:6:LPI2C_MasterConfigureDataMatch	24	static
../drivers/fsl_lpi2c.c:654:6:LPI2C_MasterSetBaudRate	64	static
../drivers/fsl_lpi2c.c:793:10:LPI2C_MasterStart	24	static
../drivers/fsl_lpi2c.c:834:10:LPI2C_MasterStop	24	static
../drivers/fsl_lpi2c.c:895:10:LPI2C_MasterReceive	40	static
../drivers/fsl_lpi2c.c:997:10:LPI2C_MasterSend	32	static
../drivers/fsl_lpi2c.c:1036:10:LPI2C_MasterTransferBlocking	48	static
../drivers/fsl_lpi2c.c:1174:6:LPI2C_MasterTransferCreateHandle	32	static
../drivers/fsl_lpi2c.c:1213:13:LPI2C_TransferStateMachineSendCommand	32	static
../drivers/fsl_lpi2c.c:1284:13:LPI2C_TransferStateMachineReadCommand	24	static
../drivers/fsl_lpi2c.c:1308:13:LPI2C_TransferStateMachineTransferData	24	static
../drivers/fsl_lpi2c.c:1351:13:LPI2C_TransferStateMachineStopState	24	static
../drivers/fsl_lpi2c.c:1382:13:LPI2C_TransferStateMachineWaitState	24	static
../drivers/fsl_lpi2c.c:1420:17:LPI2C_RunTransferStateMachine	48	static
../drivers/fsl_lpi2c.c:1503:13:LPI2C_InitTransferStateMachine	40	static
../drivers/fsl_lpi2c.c:1576:10:LPI2C_MasterTransferNonBlocking	40	static
../drivers/fsl_lpi2c.c:1642:10:LPI2C_MasterTransferGetCount	40	static
../drivers/fsl_lpi2c.c:1708:6:LPI2C_MasterTransferAbort	16	static
../drivers/fsl_lpi2c.c:1738:6:LPI2C_MasterTransferHandleIRQ	40	static
../drivers/fsl_lpi2c.c:1808:6:LPI2C_SlaveGetDefaultConfig	16	static
../drivers/fsl_lpi2c.c:1847:6:LPI2C_SlaveInit	48	static
../drivers/fsl_lpi2c.c:1935:6:LPI2C_SlaveDeinit	24	static
../drivers/fsl_lpi2c.c:1962:17:LPI2C_SlaveCheckAndClearError	24	static
../drivers/fsl_lpi2c.c:2006:10:LPI2C_SlaveSend	40	static
../drivers/fsl_lpi2c.c:2097:10:LPI2C_SlaveReceive	40	static
../drivers/fsl_lpi2c.c:2195:6:LPI2C_SlaveTransferCreateHandle	32	static
../drivers/fsl_lpi2c.c:2257:10:LPI2C_SlaveTransferNonBlocking	32	static
../drivers/fsl_lpi2c.c:2321:10:LPI2C_SlaveTransferGetCount	32	static
../drivers/fsl_lpi2c.c:2354:6:LPI2C_SlaveTransferAbort	16	static
../drivers/fsl_lpi2c.c:2382:6:LPI2C_SlaveTransferHandleIRQ	24	static
../drivers/fsl_lpi2c.c:2541:13:LPI2C_CommonIRQHandler	16	static
../drivers/fsl_lpi2c.c:2602:6:LPI2C1_DriverIRQHandler	8	static
../drivers/fsl_lpi2c.c:2612:6:LPI2C2_DriverIRQHandler	8	static
../drivers/fsl_lpi2c.c:2621:6:LPI2C3_DriverIRQHandler	8	static
../drivers/fsl_lpi2c.c:2630:6:LPI2C4_DriverIRQHandler	8	static
