../drivers/fsl_common_arm.h:232:20:_SDK_AtomicLocalClearAndSet4Byte	48	static
../drivers/fsl_clock.h:1465:20:CLOCK_ControlGate	32	static
../drivers/fsl_clock.h:1482:20:CLOCK_EnableClock	16	static
../drivers/fsl_clock.h:1492:20:CLOCK_DisableClock	16	static
../drivers/fsl_trng.c:1353:17:trng_GetInstance	24	static
../drivers/fsl_trng.c:1386:10:TRNG_GetDefaultConfig	24	static
../drivers/fsl_trng.c:1451:17:trng_SetRetryCount	24	static
../drivers/fsl_trng.c:1473:17:trng_SetMonobitLimit	32	static
../drivers/fsl_trng.c:1498:17:trng_SetRunBit1Limit	32	static
../drivers/fsl_trng.c:1522:17:trng_SetRunBit2Limit	32	static
../drivers/fsl_trng.c:1546:17:trng_SetRunBit3Limit	32	static
../drivers/fsl_trng.c:1569:17:trng_SetRunBit4Limit	32	static
../drivers/fsl_trng.c:1594:17:trng_SetRunBit5Limit	32	static
../drivers/fsl_trng.c:1619:17:trng_SetRunBit6Limit	32	static
../drivers/fsl_trng.c:1644:17:trng_SetPokerMaxLimit	32	static
../drivers/fsl_trng.c:1669:17:trng_SetFrequencyCountMaxLimit	32	static
../drivers/fsl_trng.c:1694:17:trng_SetStatisticalCheckLimit	32	static
../drivers/fsl_trng.c:1767:17:trng_ApplyUserConfig	24	static
../drivers/fsl_trng.c:1858:17:trng_ReadEntropy	24	static
../drivers/fsl_trng.c:1888:10:TRNG_Init	24	static
../drivers/fsl_trng.c:1967:6:TRNG_Deinit	16	static
../drivers/fsl_trng.c:2002:10:TRNG_GetRandomData	64	static
