C:\Users\xlouzal00\Documents\MCUXpressoIDE_24.12.148\workspace\evkbimxrt1050_tst_lwip_dhcp_bm\CMSIS/core_cm7.h:2013:22:__NVIC_EnableIRQ	16	static
../drivers/fsl_common_arm.h:232:20:_SDK_AtomicLocalClearAndSet4Byte	48	static
../drivers/fsl_clock.h:1465:20:CLOCK_ControlGate	32	static
../drivers/fsl_clock.h:1482:20:CLOCK_EnableClock	16	static
../drivers/fsl_clock.h:1492:20:CLOCK_DisableClock	16	static
../drivers/fsl_common_arm.h:667:24:EnableIRQ	24	static
../drivers/fsl_common_arm.h:897:24:DisableGlobalIRQ	16	static
../drivers/fsl_common_arm.h:923:20:EnableGlobalIRQ	24	static
../drivers/fsl_enet.h:926:20:ENET_Reset	16	static
../drivers/fsl_enet.h:978:20:ENET_GetSMI	16	static
../drivers/fsl_enet.h:989:24:ENET_ReadSMIData	16	static
../drivers/fsl_enet.h:1007:20:ENET_StartSMIWrite	16	static
../drivers/fsl_enet.h:1026:20:ENET_StartSMIRead	16	static
../drivers/fsl_enet.h:1069:20:ENET_StartExtC45SMIWriteReg	16	static
../drivers/fsl_enet.h:1087:20:ENET_StartExtC45SMIWriteData	16	static
../drivers/fsl_enet.h:1104:20:ENET_StartExtC45SMIReadData	16	static
../drivers/fsl_enet.h:1277:20:ENET_EnableSleepMode	16	static
../drivers/fsl_enet.h:1329:20:ENET_EnableInterrupts	16	static
../drivers/fsl_enet.h:1360:24:ENET_GetInterruptStatus	16	static
../drivers/fsl_enet.h:1379:20:ENET_ClearInterruptStatus	16	static
../drivers/fsl_enet.c:181:10:ENET_GetInstance	24	static
../drivers/fsl_enet.c:213:6:ENET_GetDefaultConfig	16	static
../drivers/fsl_enet.c:264:10:ENET_Up	40	static
../drivers/fsl_enet.c:329:10:ENET_Init	40	static
../drivers/fsl_enet.c:360:6:ENET_Down	24	static
../drivers/fsl_enet.c:384:6:ENET_Deinit	16	static
../drivers/fsl_enet.c:428:6:ENET_SetRxISRHandler	24	static
../drivers/fsl_enet.c:436:6:ENET_SetTxISRHandler	24	static
../drivers/fsl_enet.c:445:6:ENET_SetErrISRHandler	24	static
../drivers/fsl_enet.c:471:13:ENET_SetHandler	40	static
../drivers/fsl_enet.c:528:13:ENET_SetMacController	64	static
../drivers/fsl_enet.c:804:13:ENET_SetTxBufferDescriptors	88	static
../drivers/fsl_enet.c:865:17:ENET_SetRxBufferDescriptors	72	static
../drivers/fsl_enet.c:968:13:ENET_RxBufferFreeAll	48	static
../drivers/fsl_enet.c:1020:20:ENET_ActiveReadRing	16	static
../drivers/fsl_enet.c:1057:13:ENET_ActiveSendRing	24	static
../drivers/fsl_enet.c:1112:6:ENET_SetMII	24	static
../drivers/fsl_enet.c:1177:6:ENET_SetMacAddr	24	static
../drivers/fsl_enet.c:1197:6:ENET_GetMacAddr	24	static
../drivers/fsl_enet.c:1225:6:ENET_SetSMI	40	static
../drivers/fsl_enet.c:1245:17:ENET_MDIOWaitTransferOver	24	static
../drivers/fsl_enet.c:1284:10:ENET_MDIOWrite	32	static
../drivers/fsl_enet.c:1316:10:ENET_MDIORead	32	static
../drivers/fsl_enet.c:1355:10:ENET_MDIOC45Write	24	static
../drivers/fsl_enet.c:1391:10:ENET_MDIOC45Read	24	static
../drivers/fsl_enet.c:1420:17:ENET_IncreaseIndex	16	static
../drivers/fsl_enet.c:1433:20:ENET_TxDirtyRingAvailable	16	static
../drivers/fsl_enet.c:1457:6:ENET_GetRxErrBeforeReadFrame	40	static
../drivers/fsl_enet.c:1543:6:ENET_EnableStatistics	16	static
../drivers/fsl_enet.c:1564:6:ENET_GetStatistics	16	static
../drivers/fsl_enet.c:1588:6:ENET_ResetStatistics	16	static
../drivers/fsl_enet.c:1611:10:ENET_GetRxFrameSize	48	static
../drivers/fsl_enet.c:1726:10:ENET_ReadFrame	64	static
../drivers/fsl_enet.c:1835:13:ENET_UpdateReadBuffers	32	static
../drivers/fsl_enet.c:1876:10:ENET_SendFrame	72	static
../drivers/fsl_enet.c:2094:10:ENET_SetTxReclaim	32	static
../drivers/fsl_enet.c:2135:6:ENET_ReclaimTxDescriptor	64	static
../drivers/fsl_enet.c:2188:24:ENET_GetRxFrameErr	32	static
../drivers/fsl_enet.c:2259:10:ENET_GetRxFrame	96	static
../drivers/fsl_enet.c:2511:10:ENET_StartTxFrame	112	static
../drivers/fsl_enet.c:2651:6:ENET_AddMulticastGroup	40	static
../drivers/fsl_enet.c:2704:6:ENET_LeaveMulticastGroup	40	static
../drivers/fsl_enet.c:3107:6:ENET_TransmitIRQHandler	48	static
../drivers/fsl_enet.c:3167:6:ENET_ReceiveIRQHandler	40	static
../drivers/fsl_enet.c:3212:6:ENET_ErrorIRQHandler	40	static
../drivers/fsl_enet.c:3309:6:ENET_CommonFrame0IRQHandler	24	static
../drivers/fsl_enet.c:3411:6:ENET_Ptp1588IRQHandler	24	static
../drivers/fsl_enet.c:3440:6:ENET_TxIRQHandler	24	static
../drivers/fsl_enet.c:3452:6:ENET_RxIRQHandler	24	static
../drivers/fsl_enet.c:3463:6:ENET_ErrIRQHandler	24	static
../drivers/fsl_enet.c:3474:6:ENET_Transmit_DriverIRQHandler	8	static
../drivers/fsl_enet.c:3481:6:ENET_Receive_DriverIRQHandler	8	static
../drivers/fsl_enet.c:3488:6:ENET_Error_DriverIRQHandler	8	static
../drivers/fsl_enet.c:3510:6:ENET_DriverIRQHandler	8	static
../drivers/fsl_enet.c:3517:6:ENET_1588_Timer_DriverIRQHandler	8	static
../drivers/fsl_enet.c:3524:6:ENET_TIMER_DriverIRQHandler	8	static
