C:\Users\xlouzal00\Documents\MCUXpressoIDE_24.12.148\workspace\evkbimxrt1050_tst_lwip_dhcp_bm\CMSIS/core_cm7.h:2013:22:__NVIC_EnableIRQ	16	static
C:\Users\xlouzal00\Documents\MCUXpressoIDE_24.12.148\workspace\evkbimxrt1050_tst_lwip_dhcp_bm\drivers/fsl_common_arm.h:667:24:EnableIRQ	24	static
C:\Users\xlouzal00\Documents\MCUXpressoIDE_24.12.148\workspace\evkbimxrt1050_tst_lwip_dhcp_bm\drivers/fsl_gpio.h:176:24:GPIO_PinRead	16	static
C:\Users\xlouzal00\Documents\MCUXpressoIDE_24.12.148\workspace\evkbimxrt1050_tst_lwip_dhcp_bm\drivers/fsl_gpio.h:253:20:GPIO_PortEnableInterrupts	16	static
../source/button/button.c:18:6:Button_Init	8	static
../source/button/button.c:27:10:Button_Read	8	static
